
> full-stack-backend@0.0.1 build
> nest build

node.exe : [96msrc/app.modul
e.ts[0m:[93m4[0m:[93m28[
0m - [91merror[0m[90m 
TS2306: [0mFile 'D:/full sta
ck/src/auth/auth.module.ts' 
is not a module.
At line:1 char:1
+ & "C:\Program 
Files\nodejs/node.exe" 
"C:\Program 
Files\nodejs/node_mo ...
+ ~~~~~~~~~~~~~~~~~~~~~~~~~~~
~~~~~~~~~~~~~~~~~~~~~~~~~~~~~
~~~~~~~~~~~~~
    + CategoryInfo          
:     NotSpecified: 
([96msrc/ap    p.mo...s not 
a module.:Str    ing) [], 
RemoteException
    + FullyQualifiedErrorId 
:     NativeCommandError
 

[7m4[0m import { 
AuthModule } from 
'./auth/auth.module';
[7m [0m [91m              
             
~~~~~~~~~~~~~~~~~~~~[0m
[96msrc/app.module.ts[0m:[
93m7[0m:[93m30[0m - 
[91merror[0m[90m TS2307: 
[0mCannot find module 
'./orders/orders.module' or 
its corresponding type 
declarations.

[7m7[0m import { 
OrdersModule } from 
'./orders/orders.module';
[7m [0m [91m              
               
~~~~~~~~~~~~~~~~~~~~~~~~[0m
[96msrc/orders/orders.contro
ller.ts[0m:[93m2[0m:[93m3
[0m - [91merror[0m[90m 
TS2300: [0mDuplicate 
identifier 'Controller'.

[7m2[0m   Controller,
[7m [0m [91m  
~~~~~~~~~~[0m
[96msrc/orders/orders.contro
ller.ts[0m:[93m3[0m:[93m3
[0m - [91merror[0m[90m 
TS2300: [0mDuplicate 
identifier 'Get'.

[7m3[0m   Get,
[7m [0m [91m  ~~~[0m
[96msrc/orders/orders.contro
ller.ts[0m:[93m4[0m:[93m3
[0m - [91merror[0m[90m 
TS2300: [0mDuplicate 
identifier 'Post'.

[7m4[0m   Post,
[7m [0m [91m  ~~~~[0m
[96msrc/orders/orders.contro
ller.ts[0m:[93m6[0m:[93m3
[0m - [91merror[0m[90m 
TS2300: [0mDuplicate 
identifier 'Param'.

[7m6[0m   Param,
[7m [0m [91m  ~~~~~[0m
[96msrc/orders/orders.contro
ller.ts[0m:[93m7[0m:[93m3
[0m - [91merror[0m[90m 
TS2300: [0mDuplicate 
identifier 'UseGuards'.

[7m7[0m   UseGuards,
[7m [0m [91m  
~~~~~~~~~[0m
[96msrc/orders/orders.contro
ller.ts[0m:[93m8[0m:[93m3
[0m - [91merror[0m[90m 
TS2300: [0mDuplicate 
identifier 'Body'.

[7m8[0m   Body,
[7m [0m [91m  ~~~~[0m
[96msrc/orders/orders.contro
ller.ts[0m:[93m10[0m:[93m
10[0m - [91merror[0m[90m 
TS2300: [0mDuplicate 
identifier 'OrdersService'.

[7m10[0m import { 
OrdersService } from 
'./orders.service';
[7m  [0m [91m         
~~~~~~~~~~~~~[0m
[96msrc/orders/orders.contro
ller.ts[0m:[93m11[0m:[93m
10[0m - [91merror[0m[90m 
TS2300: [0mDuplicate 
identifier 'JwtAuthGuard'.

[7m11[0m import { 
JwtAuthGuard } from '../commo
n/guards/jwt-auth.guard';
[7m  [0m [91m         
~~~~~~~~~~~~[0m
[96msrc/orders/orders.contro
ller.ts[0m:[93m12[0m:[93m
10[0m - [91merror[0m[90m 
TS2300: [0mDuplicate 
identifier 'RolesGuard'.

[7m12[0m import { 
RolesGuard } from '../common/
guards/roles.guard';
[7m  [0m [91m         
~~~~~~~~~~[0m
[96msrc/orders/orders.contro
ller.ts[0m:[93m14[0m:[93m
10[0m - [91merror[0m[90m 
TS2300: [0mDuplicate 
identifier 'Roles'.

[7m14[0m import { Roles } 
from '../common/decorators/ro
les.decorator';
[7m  [0m [91m         
~~~~~[0m
[96msrc/orders/orders.contro
ller.ts[0m:[93m15[0m:[93m
10[0m - [91merror[0m[90m 
TS2300: [0mDuplicate 
identifier 'Role'.

[7m15[0m import { Role } 
from 
'../common/enums/role.enum';
[7m  [0m [91m         
~~~~[0m
[96msrc/orders/orders.contro
ller.ts[0m:[93m19[0m:[93m
14[0m - [91merror[0m[90m 
TS2300: [0mDuplicate 
identifier 
'OrdersController'.

[7m19[0m export class 
OrdersController {
[7m  [0m [91m             
~~~~~~~~~~~~~~~~[0m
[96msrc/orders/orders.contro
ller.ts[0m:[93m46[0m:[93m
3[0m - [91merror[0m[90m 
TS2300: [0mDuplicate 
identifier 'Controller'.

[7m46[0m   Controller,
[7m  [0m [91m  
~~~~~~~~~~[0m
[96msrc/orders/orders.contro
ller.ts[0m:[93m47[0m:[93m
3[0m - [91merror[0m[90m 
TS2300: [0mDuplicate 
identifier 'Get'.

[7m47[0m   Get,
[7m  [0m [91m  ~~~[0m
[96msrc/orders/orders.contro
ller.ts[0m:[93m48[0m:[93m
3[0m - [91merror[0m[90m 
TS2300: [0mDuplicate 
identifier 'Post'.

[7m48[0m   Post,
[7m  [0m [91m  ~~~~[0m
[96msrc/orders/orders.contro
ller.ts[0m:[93m50[0m:[93m
3[0m - [91merror[0m[90m 
TS2300: [0mDuplicate 
identifier 'Param'.

[7m50[0m   Param,
[7m  [0m [91m  ~~~~~[0m
[96msrc/orders/orders.contro
ller.ts[0m:[93m51[0m:[93m
3[0m - [91merror[0m[90m 
TS2300: [0mDuplicate 
identifier 'Body'.

[7m51[0m   Body,
[7m  [0m [91m  ~~~~[0m
[96msrc/orders/orders.contro
ller.ts[0m:[93m52[0m:[93m
3[0m - [91merror[0m[90m 
TS2300: [0mDuplicate 
identifier 'UseGuards'.

[7m52[0m   UseGuards,
[7m  [0m [91m  
~~~~~~~~~[0m
[96msrc/orders/orders.contro
ller.ts[0m:[93m55[0m:[93m
10[0m - [91merror[0m[90m 
TS2300: [0mDuplicate 
identifier 'OrdersService'.

[7m55[0m import { 
OrdersService } from 
'./orders.service';
[7m  [0m [91m         
~~~~~~~~~~~~~[0m
[96msrc/orders/orders.contro
ller.ts[0m:[93m56[0m:[93m
10[0m - [91merror[0m[90m 
TS2300: [0mDuplicate 
identifier 'JwtAuthGuard'.

[7m56[0m import { 
JwtAuthGuard } from '../commo
n/guards/jwt-auth.guard';
[7m  [0m [91m         
~~~~~~~~~~~~[0m
[96msrc/orders/orders.contro
ller.ts[0m:[93m57[0m:[93m
10[0m - [91merror[0m[90m 
TS2300: [0mDuplicate 
identifier 'RolesGuard'.

[7m57[0m import { 
RolesGuard } from '../common/
guards/roles.guard';
[7m  [0m [91m         
~~~~~~~~~~[0m
[96msrc/orders/orders.contro
ller.ts[0m:[93m58[0m:[93m
10[0m - [91merror[0m[90m 
TS2300: [0mDuplicate 
identifier 'Roles'.

[7m58[0m import { Roles } 
from '../common/decorators/ro
les.decorator';
[7m  [0m [91m         
~~~~~[0m
[96msrc/orders/orders.contro
ller.ts[0m:[93m59[0m:[93m
10[0m - [91merror[0m[90m 
TS2300: [0mDuplicate 
identifier 'Role'.

[7m59[0m import { Role } 
from 
'../common/enums/role.enum';
[7m  [0m [91m         
~~~~[0m
[96msrc/orders/orders.contro
ller.ts[0m:[93m63[0m:[93m
14[0m - [91merror[0m[90m 
TS2300: [0mDuplicate 
identifier 
'OrdersController'.

[7m63[0m export class 
OrdersController {
[7m  [0m [91m             
~~~~~~~~~~~~~~~~[0m
[96msrc/orders/orders.contro
ller.ts[0m:[93m68[0m:[93m
25[0m - [91merror[0m[90m 
TS2339: [0mProperty 
'findAll' does not exist on 
type 'OrdersService'.

[7m68[0m     return this.se
rvice.findAll(req.user);
[7m  [0m [91m             
           ~~~~~~~[0m
[96msrc/orders/orders.contro
ller.ts[0m:[93m79[0m:[93m
29[0m - [91merror[0m[90m 
TS2345: [0mArgument of type 
'number' is not assignable 
to parameter of type 
'string'.

[7m79[0m     return 
this.service.pay(id);
Found 33 error(s).

[7m  [0m [91m             
               ~~[0m
[96msrc/orders/orders.contro
ller.ts[0m:[93m85[0m:[93m
32[0m - [91merror[0m[90m 
TS2345: [0mArgument of type 
'number' is not assignable 
to parameter of type 
'string'.

[7m85[0m     return 
this.service.cancel(id);
[7m  [0m [91m             
                  ~~[0m
[96msrc/orders/orders.servic
e.ts[0m:[93m1[0m:[93m10[
0m - [91merror[0m[90m 
TS2300: [0mDuplicate 
identifier 'Injectable'.

[7m1[0m import { 
Injectable } from 
'@nestjs/common';
[7m [0m [91m         
~~~~~~~~~~[0m
[96msrc/orders/orders.servic
e.ts[0m:[93m4[0m:[93m14[
0m - [91merror[0m[90m 
TS2300: [0mDuplicate 
identifier 'OrdersService'.

[7m4[0m export class 
OrdersService {
[7m [0m [91m             
~~~~~~~~~~~~~[0m
[96msrc/orders/orders.servic
e.ts[0m:[93m26[0m:[93m10
[0m - [91merror[0m[90m 
TS2300: [0mDuplicate 
identifier 'Injectable'.

[7m26[0m import { 
Injectable } from 
'@nestjs/common';
[7m  [0m [91m         
~~~~~~~~~~[0m
[96msrc/orders/orders.servic
e.ts[0m:[93m32[0m:[93m14
[0m - [91merror[0m[90m 
TS2300: [0mDuplicate 
identifier 'OrdersService'.

[7m32[0m export class 
OrdersService {
[7m  [0m [91m             
~~~~~~~~~~~~~[0m

